
> economic-card-game@1.0.0 test
> jest __tests__/benchmark.test.js

[baseline-browser-mapping] The data in this module is over two months old.  To ensure accurate Baseline data, please update: `npm i baseline-browser-mapping@latest -D`
  console.log
    Rendering CardButton 3

      at log (src/Game.js:571:13)

  console.log
    Rendering CardButton 2

      at log (src/Game.js:571:13)

  console.log
    Rendering CardButton 1

      at log (src/Game.js:571:13)

  console.log
    Rendering CardButton 3

      at log (src/Game.js:571:13)

  console.log
    Rendering CardButton 2

      at log (src/Game.js:571:13)

  console.log
    Rendering CardButton 1

      at log (src/Game.js:571:13)

  console.log
    Rendering CardButton 3

      at log (src/Game.js:571:13)

  console.log
    Rendering CardButton 2

      at log (src/Game.js:571:13)

  console.log
    Rendering CardButton 1

      at log (src/Game.js:571:13)

  console.log
    Rendering CardButton 3

      at log (src/Game.js:571:13)

  console.log
    Rendering CardButton 2

      at log (src/Game.js:571:13)

  console.log
    Rendering CardButton 1

      at log (src/Game.js:571:13)

  console.log
    Rendering CardButton 3

      at log (src/Game.js:571:13)

  console.log
    Rendering CardButton 2

      at log (src/Game.js:571:13)

  console.log
    Rendering CardButton 1

      at log (src/Game.js:571:13)

  console.log
    Rendering CardButton 3

      at log (src/Game.js:571:13)

  console.log
    Rendering CardButton 2

      at log (src/Game.js:571:13)

  console.log
    Rendering CardButton 1

      at log (src/Game.js:571:13)

  console.log
    Rendering CardButton 3

      at log (src/Game.js:571:13)

  console.log
    Rendering CardButton 2

      at log (src/Game.js:571:13)

  console.log
    Rendering CardButton 1

      at log (src/Game.js:571:13)

  console.log
    Rendering CardButton 3

      at log (src/Game.js:571:13)

  console.log
    Rendering CardButton 2

      at log (src/Game.js:571:13)

  console.log
    Rendering CardButton 1

      at log (src/Game.js:571:13)

  console.log
    Rendering CardButton 3

      at log (src/Game.js:571:13)

  console.log
    Rendering CardButton 2

      at log (src/Game.js:571:13)

  console.log
    Rendering CardButton 1

      at log (src/Game.js:571:13)

  console.log
    Rendering CardButton 3

      at log (src/Game.js:571:13)

  console.log
    Rendering CardButton 2

      at log (src/Game.js:571:13)

  console.log
    Rendering CardButton 1

      at log (src/Game.js:571:13)

  console.log
    Rendering CardButton 3

      at log (src/Game.js:571:13)

  console.log
    Rendering CardButton 2

      at log (src/Game.js:571:13)

  console.log
    Rendering CardButton 1

      at log (src/Game.js:571:13)

  console.log
    Rendering CardButton 3

      at log (src/Game.js:571:13)

  console.log
    Rendering CardButton 2

      at log (src/Game.js:571:13)

  console.log
    Rendering CardButton 1

      at log (src/Game.js:571:13)

  console.log
    Rendering CardButton 3

      at log (src/Game.js:571:13)

  console.log
    Rendering CardButton 2

      at log (src/Game.js:571:13)

  console.log
    Rendering CardButton 1

      at log (src/Game.js:571:13)

  console.log
    Rendering CardButton 3

      at log (src/Game.js:571:13)

  console.log
    Rendering CardButton 2

      at log (src/Game.js:571:13)

  console.log
    Rendering CardButton 1

      at log (src/Game.js:571:13)

  console.log
    Rendering CardButton 3

      at log (src/Game.js:571:13)

  console.log
    Rendering CardButton 2

      at log (src/Game.js:571:13)

  console.log
    Rendering CardButton 1

      at log (src/Game.js:571:13)

  console.log
    Rendering CardButton 3

      at log (src/Game.js:571:13)

  console.log
    Rendering CardButton 2

      at log (src/Game.js:571:13)

  console.log
    Rendering CardButton 1

      at log (src/Game.js:571:13)

  console.log
    Rendering CardButton 3

      at log (src/Game.js:571:13)

  console.log
    Rendering CardButton 2

      at log (src/Game.js:571:13)

  console.log
    Rendering CardButton 1

      at log (src/Game.js:571:13)

  console.log
    Rendering CardButton 3

      at log (src/Game.js:571:13)

  console.log
    Rendering CardButton 2

      at log (src/Game.js:571:13)

  console.log
    Rendering CardButton 1

      at log (src/Game.js:571:13)

  console.log
    Rendering CardButton 3

      at log (src/Game.js:571:13)

  console.log
    Rendering CardButton 2

      at log (src/Game.js:571:13)

  console.log
    Rendering CardButton 1

      at log (src/Game.js:571:13)

  console.log
    Rendering CardButton 3

      at log (src/Game.js:571:13)

  console.log
    Rendering CardButton 2

      at log (src/Game.js:571:13)

  console.log
    Rendering CardButton 1

      at log (src/Game.js:571:13)

  console.log
    Rendering CardButton 3

      at log (src/Game.js:571:13)

  console.log
    Rendering CardButton 2

      at log (src/Game.js:571:13)

  console.log
    Rendering CardButton 1

      at log (src/Game.js:571:13)

  console.log
    Rendering CardButton 3

      at log (src/Game.js:571:13)

  console.log
    Rendering CardButton 2

      at log (src/Game.js:571:13)

  console.log
    Rendering CardButton 1

      at log (src/Game.js:571:13)

  console.log
    Rendering CardButton 3

      at log (src/Game.js:571:13)

  console.log
    Rendering CardButton 2

      at log (src/Game.js:571:13)

  console.log
    Rendering CardButton 1

      at log (src/Game.js:571:13)

  console.log
    Rendering CardButton 3

      at log (src/Game.js:571:13)

  console.log
    Rendering CardButton 2

      at log (src/Game.js:571:13)

  console.log
    Rendering CardButton 1

      at log (src/Game.js:571:13)

  console.log
    Rendering CardButton 3

      at log (src/Game.js:571:13)

  console.log
    Rendering CardButton 2

      at log (src/Game.js:571:13)

  console.log
    Rendering CardButton 1

      at log (src/Game.js:571:13)

  console.log
    Rendering CardButton 3

      at log (src/Game.js:571:13)

  console.log
    Rendering CardButton 2

      at log (src/Game.js:571:13)

  console.log
    Rendering CardButton 1

      at log (src/Game.js:571:13)

  console.log
    Rendering CardButton 3

      at log (src/Game.js:571:13)

  console.log
    Rendering CardButton 2

      at log (src/Game.js:571:13)

  console.log
    Rendering CardButton 1

      at log (src/Game.js:571:13)

  console.log
    Rendering CardButton 3

      at log (src/Game.js:571:13)

  console.log
    Rendering CardButton 2

      at log (src/Game.js:571:13)

  console.log
    Rendering CardButton 1

      at log (src/Game.js:571:13)

  console.log
    Rendering CardButton 3

      at log (src/Game.js:571:13)

  console.log
    Rendering CardButton 2

      at log (src/Game.js:571:13)

  console.log
    Rendering CardButton 1

      at log (src/Game.js:571:13)

  console.log
    Rendering CardButton 3

      at log (src/Game.js:571:13)

  console.log
    Rendering CardButton 2

      at log (src/Game.js:571:13)

  console.log
    Rendering CardButton 1

      at log (src/Game.js:571:13)

  console.log
    Rendering CardButton 3

      at log (src/Game.js:571:13)

  console.log
    Rendering CardButton 2

      at log (src/Game.js:571:13)

  console.log
    Rendering CardButton 1

      at log (src/Game.js:571:13)

  console.log
    Benchmark Duration (33 cards, 100 re-renders): 186.47ms

      at log (__tests__/benchmark.test.js:59:13)

PASS __tests__/benchmark.test.js
  Performance Benchmark
    ✓ rendering performance with large hand (814 ms)

Test Suites: 1 passed, 1 total
Tests:       1 passed, 1 total
Snapshots:   0 total
Time:        2.861 s, estimated 3 s
Ran all test suites matching /__tests__\/benchmark.test.js/i.
